---
source: tests/integration.rs
expression: "normalize_items(&items, &sandbox.project_dirs[\"minimal\"])"
---
[
  {
    "value": "bun ",
    "display_override": "bun",
    "description": "Fast JavaScript runtime, package manager, bundler, and test runner."
  },
  {
    "value": "docker ",
    "display_override": "docker"
  },
  {
    "value": "git ",
    "display_override": "git"
  },
  {
    "value": "greet ",
    "display_override": "greet",
    "description": "Greeting tool"
  },
  {
    "value": "greet_dynamic ",
    "display_override": "greet_dynamic"
  },
  {
    "value": "pnpm ",
    "display_override": "pnpm"
  },
  {
    "value": "testkit ",
    "display_override": "testkit",
    "description": "All-in-one test command"
  }
]
