---
source: tests/integration.rs
expression: all
---
[
  {
    "name": "bun_run",
    "input": "bun run ",
    "result": [
      {
        "value": "build ",
        "display_override": "build",
        "description": "script"
      },
      {
        "value": "dev ",
        "display_override": "dev",
        "description": "script"
      },
      {
        "value": "test ",
        "display_override": "test",
        "description": "script"
      },
      {
        "value": "index.ts ",
        "display_override": "index.ts",
        "description": "file"
      },
      {
        "value": "server.js ",
        "display_override": "server.js",
        "description": "file"
      },
      {
        "value": "acorn.exe ",
        "display_override": "acorn.exe",
        "description": "package bin"
      }
    ]
  },
  {
    "name": "bun_exe_run",
    "input": "bun.exe run ",
    "result": [
      {
        "value": "build ",
        "display_override": "build",
        "description": "script"
      },
      {
        "value": "dev ",
        "display_override": "dev",
        "description": "script"
      },
      {
        "value": "test ",
        "display_override": "test",
        "description": "script"
      },
      {
        "value": "index.ts ",
        "display_override": "index.ts",
        "description": "file"
      },
      {
        "value": "server.js ",
        "display_override": "server.js",
        "description": "file"
      },
      {
        "value": "acorn.exe ",
        "display_override": "acorn.exe",
        "description": "package bin"
      }
    ]
  },
  {
    "name": "pnpm_run",
    "input": "pnpm run ",
    "result": [
      {
        "value": "build ",
        "display_override": "build",
        "description": "运行指令 外部引入的变量: echo build"
      },
      {
        "value": "test ",
        "display_override": "test",
        "description": "运行指令 外部引入的变量: echo test"
      }
    ]
  },
  {
    "name": "pnpm_cmd_run",
    "input": "pnpm.cmd run ",
    "result": [
      {
        "value": "build ",
        "display_override": "build",
        "description": "运行指令 外部引入的变量: echo build"
      },
      {
        "value": "test ",
        "display_override": "test",
        "description": "运行指令 外部引入的变量: echo test"
      }
    ]
  }
]
